# hito10_figuras
# Ejecutado: 2026-09-04 18:30:55
# Comando: src/hito10_figuras.py
#------------------------------------------------------------------

[log] guardando en logs\20260904_183055_hito10_figuras.log
Vocabulario congelado (2023+2024): 806 palabras

[1] churn_por_cohorte.png
   2014->2015  churn  3.73%  (n=76,897, excluida)
   2015->2016  churn  4.44%  (n=78,413, train)
   2016->2017  churn  4.50%  (n=79,049, train)
   2017->2018  churn  4.65%  (n=79,324, train)
   2018->2019  churn  4.00%  (n=80,187, train)
   2019->2020  churn  3.53%  (n=80,660, val)
   2020->2021  churn 17.03%  (n=81,122, excluida)
   2021->2022  churn  3.97%  (n=81,398, test)
   2022->2023  churn  1.27%  (n=81,573, excluida)
   2023->2024  churn  3.45%  (n=81,606, excluida)
   2024->2025  churn  7.01%  (n=82,005, excluida)
   2025->2026  churn  2.01%  (n=77,820, excluida)

[2] calibracion.png

[3] deciles_lift.png
       size  sum  mean  lift
decil                       
1      8140   84 0.010 0.260
2      8140   82 0.010 0.254
3      8140  157 0.019 0.485
4      8139  250 0.031 0.773
5      8140  235 0.029 0.727
6      8140  365 0.045 1.129
7      8139  427 0.052 1.320
8      8140  438 0.054 1.354
9      8140  522 0.064 1.614
10     8140  674 0.083 2.084
   lift decil 10 (ficha, oficial): 2.016

[4] ablaciones.png
   fuente: logs/20260904_175432_hito7_campeon.log
                         modelo  lift    lo    hi
                 A. Solo sector 1.880 1.740 2.000
           B. Sector + distrito 2.016 1.900 2.170
C. Sector + distrito + historia 2.026 1.900 2.180
    D. Completo (con geo micro) 2.112 1.970 2.260
                  E. Sin sector 1.574 1.490 1.740
   PermutationExplainer: 3,000 casos, fondo 100, max_evals 300 (esto tarda unos minutos)
   aditividad: error maximo 2.22e-16  (debe ser ~0)

[5] shap_importancia.png / shap_beeswarm.png
   |SHAP| medio por variable (puntos de probabilidad):
id_epigrafe           1.065 pp
desc_distrito_local   0.527 pp
id_division           0.269 pp

   CONTRASTE: orden SHAP (campeon) vs importancia por permutacion (log hito6)
   SHAP  (campeon, 9 vars) : ['id_epigrafe', 'desc_distrito_local', 'id_division']
   Perm. (hito6, 15 vars)  : ['id_epigrafe', 'desc_distrito_local', 'id_division']

   Nota: no son medidas del mismo modelo. La permutacion de hito6
   se calculo sobre el modelo COMPLETO (15 variables, con geo-micro)
   y mide caida de AUC; SHAP aqui es sobre el CAMPEON (9 variables) y
   mide efecto medio sobre la probabilidad calibrada.
   -> Aun asi, el PODIO COINCIDE: ['id_epigrafe', 'desc_distrito_local', 'id_division'].
      'id_epigrafe' (la actividad) domina en ambas, seguido de
      distrito e historia de rotaciones. Las dos lecturas cuentan
      la misma historia: el modelo ordena por sector y matiza por
      distrito e historia; la antiguedad aporta poco o nada.

[6] casos_shap.md
   caso alto: 270398697 p=0.073
   caso bajo: 280041844 p=0.011

Figuras en C:\Users\Ibon\OneDrive - Mondragon Unibertsitatea\Escritorio\Olatz\Máster\v2_TFM\salida\figuras
   ablaciones.png
   calibracion.png
   casos_shap.md
   churn_por_cohorte.png
   deciles_lift.png
   real_vs_predicho_distrito.png
   shap_beeswarm.png
   shap_importancia.png

#------------------------------------------------------------------
# Fin: 2026-09-04 18:39:28
