# hito5_modelo
# Ejecutado: 2026-09-02 16:41:05
# Comando: src\hito5_modelo.py --dir datos
#------------------------------------------------------------------

[log] guardando en logs\20260902_164105_hito5_modelo.log
Dataset: 566,054 filas

train 319,920 filas  (4.55% cierres, cohortes [np.int64(2015), np.int64(2016), np.int64(2017), np.int64(2018)])
val   81,654 filas  (3.69%)
test  82,343 filas  (4.07%)

==============================================================================
VALIDACION  (cohorte 2019->2020)
==============================================================================
  0. Azar                    AUC 0.497   AP 0.037   lift10 1.03x  (3.8% vs 3.7%)   lift20 1.00x
  1. Solo sector             AUC 0.603   AP 0.067   lift10 1.72x  (6.3% vs 3.7%)   lift20 1.43x
  1b. Solo historia          AUC 0.545   AP 0.045   lift10 1.74x  (6.4% vs 3.7%)   lift20 1.37x
  1c. Solo geografia         AUC 0.566   AP 0.048   lift10 1.45x  (5.4% vs 3.7%)   lift20 1.31x
  2. Logistica completa      AUC 0.642   AP 0.060   lift10 1.95x  (7.2% vs 3.7%)   lift20 1.72x

==============================================================================
TEST TEMPORAL  (cohorte 2021->2022, nunca vista)
==============================================================================
  2. Logistica completa      AUC 0.648   AP 0.068   lift10 1.88x  (7.7% vs 4.1%)   lift20 1.64x
  Brier 0.2014  (calibracion; mas bajo es mejor)

==============================================================================
LIFT POR DECILES DE RIESGO  (test)
==============================================================================
                  size  sum  mean  lift
D1 (mas seguro)   8235   81 0.010 0.242
D2                8234  104 0.013 0.311
D3                8234  191 0.023 0.570
D4                8234  274 0.033 0.818
D5                8235  321 0.039 0.958
D6                8234  379 0.046 1.132
D7                8234  414 0.050 1.236
D8                8234  489 0.059 1.460
D9                8234  466 0.057 1.392
D10 (mas riesgo)  8235  630 0.077 1.881

  El decil 10 es donde el modelo concentra el riesgo.
  Un lift de 3x significa que ahi cierran el triple que de media.

==============================================================================
COEFICIENTES  (signo = direccion del efecto)
==============================================================================

  Reducen el riesgo de cierre:
cat__id_division_33   -1.158
cat__id_division_35   -1.063
cat__id_division_84   -0.913
cat__id_division_28   -0.838
cat__id_division_25   -0.762
cat__id_division_60   -0.748
cat__id_division_70   -0.741
cat__id_division_94   -0.712

  Aumentan el riesgo de cierre:
cat__id_division_47   +0.949
cat__id_division_78   +0.986
cat__id_division_96   +1.040
cat__id_division_56   +1.053
cat__id_division_75   +1.061
cat__id_division_61   +1.116
cat__id_division_00   +1.216
cat__id_division_93   +1.335

==============================================================================
LECTURA
==============================================================================
                        auc    ap  lift10
modelo                                   
0. Azar               0.497 0.037   1.029
1. Solo sector        0.603 0.067   1.719
1b. Solo historia     0.545 0.045   1.739
1c. Solo geografia    0.566 0.048   1.450
2. Logistica completa 0.642 0.060   1.948

  Saber solo el sector da AUC 0.603.
  Anadir historia y geografia lo lleva a 0.642.
  La aportacion real del trabajo es esa diferencia: +0.039
  Si es pequena, el modelo esta prediciendo el sector, no el riesgo.

#------------------------------------------------------------------
# Fin: 2026-09-02 16:41:11
