# hito13_export_tableau
# Ejecutado: 2026-09-05 13:49:09
# Comando: src/hito13_export_tableau.py
#------------------------------------------------------------------

[log] guardando en logs\20260905_134909_hito13_export_tableau.log
Leidos 77,434 locales de salida\riesgo_2026.csv

Reproyeccion EPSG:25830 -> EPSG:4326: 72,385 locales con coordenada valida, 5,049 sin (6.5%) -> lat/lon vacias
  De los que tienen coordenada, 100.0% caen en el bounding box de Madrid

Generando salida/tableau/:
  riesgo_locales.csv / riesgo_locales_es.csv   (77,434 filas)
  riesgo_por_barrio.csv / riesgo_por_barrio_es.csv   (131 filas)
  riesgo_por_epigrafe.csv / riesgo_por_epigrafe_es.csv   (213 filas)

================================================================
VISTA RAPIDA
================================================================
  Barrios de mas riesgo medio:
desc_distrito_local desc_barrio_local  n_locales  riesgo_medio
          VICALVARO      EL CAÑAVERAL         81       0.06626
          VICALVARO       VALDERRIVAS         58       0.05472
          VICALVARO     VALDEBERNARDO        201       0.05278
          SALAMANCA         RECOLETOS       1199       0.04965
             RETIRO             IBIZA        700       0.04948

  Epigrafes de mas riesgo medio (>= 50 locales):
                                                                                      desc_epigrafe  n_locales  riesgo_medio
                                                    TRATAMIENTO HIGIENICO DE ANIMALES (PELUQUERIAS)        144       0.10536
                                                                    CENTROS DE TATUAJE Y/O ANILLADO        214       0.10169
                                                               CHOCOLATERIA/SALON DE TE Y HELADERIA         52       0.09991
                                                       COMERCIO AL POR MENOR DE HELADOS SIN OBRADOR         94       0.09881
                                         ESTABLECIMIENTOS DE VENTA DE PLATOS PREPARADOS SIN OBRADOR        107       0.09465
                        COMERCIO AL POR MENOR DE COMPLEMENTOS Y ALIMENTOS PARA ANIMALES DE COMPAÑIA        131       0.09053
INTERMEDIARIOS DEL COMERCIO DE TEXTILES, PRENDAS DE VESTIR, PELETERIA, CALZADO Y ARTICULOS DE CUERO         63       0.08879
          COMERCIO AL POR MENOR DE PASTELERIA, CONFITERIA, REPOSTERIA CON OBRADOR-BARRA DEGUSTACION        123       0.08448

  213 epigrafes superan el umbral de 50 locales.

================================================================
QUE FICHERO CARGAR EN TABLEAU
================================================================
  Segun 'Configuracion regional' de Tableau (o del sistema):
    - Ingles / EE. UU. / neutro  ->  <nombre>.csv     (coma + punto decimal)
    - Espanol (Espana)           ->  <nombre>_es.csv  (; + coma decimal)
  Si al conectar los campos 'riesgo_medio', 'latitud'... salen NULL,
  estas usando la version equivocada: cambia a la otra.
  Los .csv normales sirven ademas para pandas/Python sin tocar nada.

#------------------------------------------------------------------
# Fin: 2026-09-05 13:49:10
