# hito6_boosting
# Ejecutado: 2026-09-03 12:38:23
# Comando: src\hito6_boosting.py --dir datos
#------------------------------------------------------------------

[log] guardando en logs\20260903_123823_hito6_boosting.log
train 319,920   val 81,654   test 82,343
tasa base test: 4.07%

==============================================================================
1. ¿CRECE LA APORTACION CON UN MODELO NO LINEAL?  (validacion)
==============================================================================
  Solo sector                    AUC 0.639   AP 0.059   lift10 2.16x
Traceback (most recent call last):
  File "C:\Users\Ibon\OneDrive - Mondragon Unibertsitatea\Escritorio\Olatz\Máster\v2_TFM\src\hito6_boosting.py", line 266, in <module>
    main()
  File "C:\Users\Ibon\OneDrive - Mondragon Unibertsitatea\Escritorio\Olatz\Máster\v2_TFM\src\hito6_boosting.py", line 155, in main
    modelo.fit(train[cols], ytr)
               ~~~~~^^^^^^
  File "C:\Users\Ibon\OneDrive - Mondragon Unibertsitatea\Escritorio\Olatz\Máster\v2_TFM\.tfm\Lib\site-packages\pandas\core\frame.py", line 4384, in __getitem__
    indexer = self.columns._get_indexer_strict(key, "columns")[1]
              ^^^^^^^^^^^^^^^^^^^^^^^^^^^^^^^^^^^^^^^^^^^^^^^^
  File "C:\Users\Ibon\OneDrive - Mondragon Unibertsitatea\Escritorio\Olatz\Máster\v2_TFM\.tfm\Lib\site-packages\pandas\core\indexes\base.py", line 6302, in _get_indexer_strict
    self._raise_if_missing(keyarr, indexer, axis_name)
  File "C:\Users\Ibon\OneDrive - Mondragon Unibertsitatea\Escritorio\Olatz\Máster\v2_TFM\.tfm\Lib\site-packages\pandas\core\indexes\base.py", line 6355, in _raise_if_missing
    raise KeyError(f"{not_found} not in index")
KeyError: "['tasa_rotacion_local'] not in index"

#------------------------------------------------------------------
# Fin: 2026-09-03 12:38:26
