# hito13_export_tableau
# Ejecutado: 2026-09-03 18:41:54
# Comando: src/hito13_export_tableau.py
#------------------------------------------------------------------

[log] guardando en logs\20260903_184154_hito13_export_tableau.log
Leidos 77,546 locales de salida\riesgo_2026.csv

Reproyeccion EPSG:25830 -> EPSG:4326: 72,497 locales con coordenada valida, 5,049 sin (6.5%) -> lat/lon vacias
  De los que tienen coordenada, 100.0% caen en el bounding box de Madrid

Generando salida/tableau/:
  salida\tableau\riesgo_locales.csv   (77,546 filas)
  salida\tableau\riesgo_por_barrio.csv   (131 filas)
  salida\tableau\riesgo_por_epigrafe.csv   (214 filas)

================================================================
VISTA RAPIDA
================================================================
  Barrios de mas riesgo medio:
desc_distrito_local desc_barrio_local  n_locales  riesgo_medio
          VICALVARO      EL CAÑAVERAL         81       0.06063
          SALAMANCA         RECOLETOS       1200       0.05169
          VICALVARO       VALDERRIVAS         58       0.05128
             RETIRO             IBIZA        702       0.05074
          SALAMANCA        CASTELLANA        832       0.05074

  Epigrafes de mas riesgo medio (>= 50 locales):
                                                                            desc_epigrafe  n_locales  riesgo_medio
COMERCIO AL POR MENOR DE PASTELERIA, CONFITERIA, REPOSTERIA CON OBRADOR-BARRA DEGUSTACION        123       0.09055
                                          TRATAMIENTO HIGIENICO DE ANIMALES (PELUQUERIAS)        144       0.09005
                                                          CENTROS DE TATUAJE Y/O ANILLADO        214       0.08458
                                                     CHOCOLATERIA/SALON DE TE Y HELADERIA         53       0.08026
                  COMERCIO AL POR MENOR DE PASTELERIA, CONFITERIA, REPOSTERIA SIN OBRADOR        185       0.07072
                                                             ACTIVIDADES DE LOS GIMNASIOS        564       0.06904
              COMERCIO AL POR MENOR DE COMPLEMENTOS Y ALIMENTOS PARA ANIMALES DE COMPAÑIA        131       0.06872
                               ESTABLECIMIENTOS DE VENTA DE PLATOS PREPARADOS CON OBRADOR        631       0.06820

  214 epigrafes superan el umbral de 50 locales.

#------------------------------------------------------------------
# Fin: 2026-09-03 18:41:54
