# hito12_comparar_espacial
# Ejecutado: 2026-09-04 17:41:05
# Comando: src\hito12_comparar_espacial.py --anio 2021
#------------------------------------------------------------------

[log] guardando en logs\20260904_174105_hito12_comparar_espacial.log
Distribuido (vecindario_pyspark_2021.csv): 139,586 filas
Local: calculando variables_espaciales() ...
Local:  149,935 filas
En comun: 139,586 locales

  [aviso] solo en local: 10,349   solo en distribuido: 0
  (normal si local incluye filas sin coordenada; deberia ser 0 en el otro sentido)

======================================================================
COMPARACION POR VARIABLE  (anio 2021)
======================================================================
  n_locales_150m          coinciden 139,586/139,586 (100.00%)   dif. maxima 0
  n_competidores_200m     coinciden 139,586/139,586 (100.00%)   dif. maxima 0
  pct_vacantes_150m       coinciden 139,586/139,586 (100.00%)   dif. maxima 1.11e-16
  diversidad_150m         coinciden   4,364/139,586 ( 3.13%)   dif. maxima 1

  Hay diferencias. Detalle abajo.

======================================================================
5 CASOS DISCREPANTES  (de 135,222)
======================================================================
 id_local  n_locales_150m_loc  n_locales_150m_dist  n_competidores_200m_loc  n_competidores_200m_dist  pct_vacantes_150m_loc  pct_vacantes_150m_dist  diversidad_150m_loc  diversidad_150m_dist
270403203               212.0                  212                      4.0                         4               0.382075                0.382075             0.089623              0.084906
270403205                72.0                   72                      3.0                         3               0.138889                0.138889             0.263889              0.250000
270403281               170.0                  170                      2.0                         2               0.094118                0.094118             0.117647              0.111765
270403316               163.0                  163                     54.0                        54               0.073620                0.073620             0.147239              0.141104
270403317               240.0                  240                     23.0                        23               0.429167                0.429167             0.120833              0.116667

  Causas tipicas: locales exactamente en el borde de 150/200 m
  (redondeo float distinto entre scipy y Spark) o coordenadas
  duplicadas. Si son <0,1% y de +-1 vecino, es ruido de frontera.

#------------------------------------------------------------------
# Fin: 2026-09-04 17:43:43
