# hito3b_cohortes
# Ejecutado: 2026-09-05 17:53:05
# Comando: src/hito3b_cohortes.py --dir datos
#------------------------------------------------------------------

[log] guardando en logs\20260905_175305_hito3b_cohortes.log
====================================================================
1. AUDITORIA DE ESQUEMAS
====================================================================
fichero                       cols  faltan  encoding
  actividades_2014_12.csv       44       -  utf-8
  actividades_2015_12.csv       46       -  utf-8
  actividades_2016_12.csv       46       -  utf-8
  actividades_2017_11.csv       46       -  utf-8
  actividades_2018_12.csv       46       -  utf-8
  actividades_2019_12.csv       46       -  utf-8
  actividades_2020_12.csv       46       -  utf-8
  actividades_2021_12.csv       46       -  utf-8-sig
  actividades_2022_12.csv       49       -  utf-8-sig
  actividades_2023_12.csv       49       -  utf-8-sig
  actividades_2024_12.csv       49       -  utf-8-sig
  actividades_2025_12.csv       47       -  utf-8-sig
  actividades_2026_06.csv       47       -  utf-8-sig

  Columnas comunes a todos los anios: 42
  De las utiles, disponibles en todos: 17
  NO estan en todos los anios: coordenada_y_agrupacion
  --> esas variables solo se podran usar en los anios que las tengan

====================================================================
2. CARGA Y CALIDAD POR ANIO
====================================================================
  anio     filas   locales  %abierto  %rot.vacio  %coord.ok
  2014   154,932   142,484    66.4%      32.4%     90.5%
  2015   157,569   144,168    67.8%       0.2%     95.4%
  2016   159,772   145,065    68.4%       0.2%     95.0%
  2017   161,097   145,752    68.8%       0.2%     94.6%
  2018   162,447   146,716    69.2%       0.2%     94.2%
  2019   163,617   147,576    69.4%       0.2%     93.9%
  2020   164,591   148,033    69.2%       0.0%     93.5%
  2021   167,380   149,935    66.1%       0.0%     93.1%
  2022   168,482   150,522    66.1%       0.1%     92.8%
  2023   168,820   150,731    65.9%       0.1%     92.8%
  2024   169,730   151,286    66.0%       0.1%     90.5%
  2025: excluidos 51,008 locales de acceso Interior (25.1%)
  2025   224,096   151,880    65.6%      24.7%     90.3%
  2026: excluidos 51,293 locales de acceso Interior (25.2%)
  2026   225,184   152,099    65.5%      24.4%     90.2%

====================================================================
3. VOCABULARIO DE SECTOR (congelado con 2023-2024)
====================================================================
  806 palabras. Se usa el MISMO vocabulario en todas
  las cohortes para que las tasas sean comparables entre si.

====================================================================
3bis. SIMILITUD ENTRE ANIOS CONSECUTIVOS
====================================================================
  Si un par se parece MUCHO mas que el resto, uno de los dos
  ficheros esta congelado o duplicado.

         par  locales comunes  rotulos identicos
  2014-2015          142,140            59.26%
  2015-2016          144,003            95.58%
  2016-2017          144,792            95.42%
  2017-2018          145,698            94.97%
  2018-2019          146,712            95.92%
  2019-2020          147,567            96.23%
  2020-2021          148,004            86.53%
  2021-2022          149,891            96.67%
  2022-2023          150,513            99.10%
  2023-2024          150,718            97.48%
  2024-2025          151,160            64.72%
  2025-2026          151,878            97.31%

  Mediana: 95.75%
  SOSPECHOSOS (mas de 1 punto por encima de la mediana):
     2022-2023: 99.10%
     2023-2024: 97.48%
     2025-2026: 97.31%
  --> esas cohortes NO deben usarse para entrenar

====================================================================
4. CHURN POR COHORTE  (reglas congeladas del hito 2)
====================================================================
     cohorte  universo  excluidos  cerr.adm  rotacion    CHURN
  2014->2015    76,897     18.7%    0.46%    2.92%   3.73%
  2015->2016    78,413     19.7%    0.96%    3.34%   4.44%
  2016->2017    79,049     20.3%    0.77%    3.46%   4.50%
  2017->2018    79,324     20.9%    0.82%    3.79%   4.65%
  2018->2019    80,187     21.0%    0.87%    3.13%   4.00%
  2019->2020    80,660     21.3%    1.07%    2.46%   3.53%
  2020->2021    81,122     20.8%    7.88%    9.14%  17.03%
  2021->2022    81,398     17.8%    1.07%    2.88%   3.97%
  2022->2023    81,573     18.0%    0.39%    0.88%   1.27%
  2023->2024    81,606     17.9%    0.93%    2.51%   3.45%
  2024->2025    82,005     17.8%    1.40%    5.60%   7.01%
  2025->2026    77,820     21.9%    0.49%    1.52%   2.01%

  Media 4.97%   min 1.27%   max 17.03%   desv 4.05%

  LECTURA: si todas las cohortes caen en una banda estrecha,
  las reglas del hito 2 generalizan. Si 2023-2024 es un caso
  aparte, estaban sobreajustadas a esos dos ficheros.

5. GUARDANDO PANEL LIGERO EN C:\Users\Ibon\OneDrive - Mondragon Unibertsitatea\Escritorio\Olatz\Máster\v2_TFM\datos\panel
  panel_2014.parquet  (142,484 filas)
  panel_2015.parquet  (144,168 filas)
  panel_2016.parquet  (145,065 filas)
  panel_2017.parquet  (145,752 filas)
  panel_2018.parquet  (146,716 filas)
  panel_2019.parquet  (147,576 filas)
  panel_2020.parquet  (148,033 filas)
  panel_2021.parquet  (149,935 filas)
  panel_2022.parquet  (150,522 filas)
  panel_2023.parquet  (150,731 filas)
  panel_2024.parquet  (151,286 filas)
  panel_2025.parquet  (151,880 filas)
  panel_2026.parquet  (152,099 filas)

  A partir de ahora cargamos estos, no los CSV.

#------------------------------------------------------------------
# Fin: 2026-09-05 17:54:54
