# hito7_campeon
# Ejecutado: 2026-09-05 22:57:53
# Comando: src/hito7_campeon.py --dir datos --repeticiones 500 --no-guardar
#------------------------------------------------------------------

[log] guardando en logs\20260905_225753_hito7_campeon.log
train 316,973   val 80,660   test 81,398
tasa base en test: 3.97%
bootstrap: 500 remuestreos

  entrenado: A. Solo sector
  entrenado: B. Sector + distrito
  entrenado: C. Sector + distrito + historia
  entrenado: D. Completo (con geo micro)
  entrenado: E. Sin sector
  entrenado: F. Sector + distrito + historia + marca

==============================================================================
RESULTADOS EN TEST  (cohorte 2021->2022, nunca vista)
==============================================================================
                                         n_vars   auc          auc_ic  lift10       lift_ic  brier
modelo                                                                                            
A. Solo sector                                2 0.664  [0.655, 0.672]   1.781  [1.67, 1.93]  0.038
B. Sector + distrito                          3 0.667  [0.658, 0.675]   2.029  [1.89, 2.15]  0.038
C. Sector + distrito + historia               9 0.667  [0.659, 0.676]   2.019  [1.87, 2.14]  0.038
D. Completo (con geo micro)                  15 0.670  [0.662, 0.679]   2.035  [1.89, 2.14]  0.038
E. Sin sector                                13 0.603  [0.594, 0.612]   1.574  [1.49, 1.74]  0.038
F. Sector + distrito + historia + marca      15 0.672  [0.663, 0.681]   2.155  [2.02, 2.29]  0.038

==============================================================================
¿HAY DIFERENCIAS REALES?
==============================================================================
  Referencia: 'A. Solo sector' -> AUC 0.664 [0.655, 0.672], lift 1.78 [1.67, 1.93]

  Diferencias con bootstrap PAREADO (mismos locales en cada
  remuestreo). Si el intervalo no cruza el cero, la mejora es real.

  B. Sector + distrito            
      AUC  +0.002  IC [-0.003, +0.007]  no concl.
      lift +0.25   IC [+0.11, +0.34]   REAL 
  C. Sector + distrito + historia 
      AUC  +0.003  IC [-0.004, +0.010]  no concl.
      lift +0.24   IC [+0.07, +0.38]   REAL 
  D. Completo (con geo micro)     
      AUC  +0.006  IC [-0.001, +0.013]  no concl.
      lift +0.25   IC [+0.08, +0.37]   REAL 
  E. Sin sector                   
      AUC  -0.061  IC [-0.072, -0.050]  REAL 
      lift -0.21   IC [-0.36, -0.00]   REAL 
  F. Sector + distrito + historia + marca
      AUC  +0.008  IC [+0.001, +0.014]  REAL 
      lift +0.37   IC [+0.20, +0.50]   REAL 

==============================================================================
ELECCION DEL CAMPEON  (lift10 + desempate por parsimonia)
==============================================================================

  1. Lider provisional por lift10 puntual: 'F. Sector + distrito + historia + marca' (2.155, 15 variables)

  2. Contraste PAREADO del lider contra cada candidato con MENOS
     variables (si el IC de la diferencia cruza el cero, empatan):
       A. Solo sector                   (2 vars)  lift -0.374  IC diferencia [-0.50, -0.22]  -> el lider gana de verdad
       B. Sector + distrito             (3 vars)  lift -0.127  IC diferencia [-0.28, -0.00]  -> el lider gana de verdad
       C. Sector + distrito + historia  (9 vars)  lift -0.136  IC diferencia [-0.27, -0.01]  -> el lider gana de verdad
       E. Sin sector                    (13 vars)  lift -0.581  IC diferencia [-0.71, -0.40]  -> el lider gana de verdad

  3. Desempate por parsimonia entre [F. Sector + distrito + historia + marca (15v)]:
     'F. Sector + distrito + historia + marca' gana de verdad a todos los candidatos con menos
     variables: se queda como campeon.

==============================================================================
CAMPEON: F. Sector + distrito + historia + marca
==============================================================================

  [--no-guardar] NO se sobrescribe modelo_campeon.joblib ni
  ficha_modelo.json. El campeon en produccion lo fija otra
  decision (ver salida/decision_modelo.md). Esta corrida solo
  actualiza la comparativa de candidatos para RESULTADOS.md.

#------------------------------------------------------------------
# Fin: 2026-09-05 23:01:08
